Log file open, 03/26/26 23:44:05
LogICUInternationalization: ICU TimeZone Detection - Raw Offset: -5:00, Platform Override: ''
LogConfig: No local boot hotfix file found at: [/home/grantdw/.config/Epic/CrashReportClient/Saved/PersistentDownloadDir/HotfixForNextBoot.txt]
LogInit: ExecutableName: CrashReportClientEditor
LogInit: Build: UE5-CL-35576357
LogInit: Platform=Linux
LogInit: MachineId=66ff4d1ecf8b465bb5ade58ef73c2779-000003e8
LogInit: DeviceId=
LogInit: Engine Version: 5.4.4-35576357+UE5
LogInit: Compatible Engine Version: 5.4.0-33043543+UE5
LogInit: Net CL: 33043543
LogInit: OS: CachyOS (6.19.10-1-cachyos), CPU: AMD RYZEN AI MAX+ 395 w/ Radeon 8060S, GPU: UnknownVendor
LogInit: Compiled (64-bit): Sep  4 2024 02:52:29
LogInit: Architecture: x64
LogInit: Compiled with Clang: 16.0.6 (github.com/llvm/llvm-project 7cbf1a2591520c2491aa35339f227775f4d3adf6)
LogInit: Build Configuration: Shipping
LogInit: Branch Name: UE5
LogInit: Command Line:  -Abslog="/home/grantdw/UnrealEngine/Projects/Marketplace-Platformer/Saved/Logs/MarketPlatformer-CRC.log" "/home/grantdw/UnrealEngine/Projects/Marketplace-Platformer/Saved/Crashes/crashinfo-MarketPlatformer-pid-39695-BE46391EC9BC4F0799291686D244C82A/"
LogInit: Base Directory: /home/grantdw/UnrealEngine/Engine/dev-5.4.4/Engine/Binaries/Linux/
LogInit: Allocator: Mimalloc
LogInit: Installed Engine Build: 1
LogInit: This binary is optimized with LTO: no, PGO: no, instrumented for PGO data collection: no
LogInit: Presizing for max 2097152 objects, including 1 objects not considered by GC, pre-allocating 0 bytes for permanent pool.
LogInit: Object subsystem initialized
LogConfig: Applying CVar settings from Section [ConsoleVariables] File [Engine]
[2026.03.27-03.44.05:011][  0]LogConfig: Set CVar [[memory.MemoryPressureCriticalThresholdMB:512]]
[2026.03.27-03.44.05:011][  0]LogInit: Unix hardware info:
[2026.03.27-03.44.05:011][  0]LogInit:  - we are the first instance of this executable
[2026.03.27-03.44.05:011][  0]LogInit:  - this process' id (pid) is 49486, parent process' id (ppid) is 39695
[2026.03.27-03.44.05:011][  0]LogInit:  - we are not running under debugger
[2026.03.27-03.44.05:011][  0]LogInit:  - machine network name is 'Grant-Framework'
[2026.03.27-03.44.05:011][  0]LogInit:  - user name is 'grantdw' (grantdw)
[2026.03.27-03.44.05:011][  0]LogInit:  - we're logged in locally
[2026.03.27-03.44.05:011][  0]LogInit:  - we're running with rendering
[2026.03.27-03.44.05:011][  0]LogInit:  - CPU: AuthenticAMD 'AMD RYZEN AI MAX+ 395 w/ Radeon 8060S' (signature: 0xB70F00)
[2026.03.27-03.44.05:011][  0]LogInit:  - Number of physical cores available for the process: 16
[2026.03.27-03.44.05:011][  0]LogInit:  - Number of logical cores available for the process: 32
[2026.03.27-03.44.05:011][  0]LogInit:  - GPU Brand Info: UnknownVendor
[2026.03.27-03.44.05:011][  0]LogInit:  - Memory allocator used: Mimalloc
[2026.03.27-03.44.05:011][  0]LogInit:  - This is an internal build.
[2026.03.27-03.44.05:011][  0]LogCore: Skipped benchmarking clocks because the engine is running in a standalone program mode - CLOCK_MONOTONIC will be used.
[2026.03.27-03.44.05:011][  0]LogInit: Unix-specific commandline switches:
[2026.03.27-03.44.05:011][  0]LogInit:  -ansimalloc - use malloc()/free() from libc (useful for tools like valgrind and electric fence)
[2026.03.27-03.44.05:011][  0]LogInit:  -jemalloc - use jemalloc for all memory allocation
[2026.03.27-03.44.05:011][  0]LogInit:  -binnedmalloc - use binned malloc  for all memory allocation
[2026.03.27-03.44.05:011][  0]LogInit:  -filemapcachesize=NUMBER - set the size for case-sensitive file mapping cache
[2026.03.27-03.44.05:011][  0]LogInit:  -useksm - uses kernel same-page mapping (KSM) for mapped memory (OFF)
[2026.03.27-03.44.05:011][  0]LogInit:  -ksmmergeall - marks all mmap'd memory pages suitable for KSM (OFF)
[2026.03.27-03.44.05:011][  0]LogInit:  -preloadmodulesymbols - Loads the main module symbols file into memory (OFF)
[2026.03.27-03.44.05:011][  0]LogInit:  -sigdfl=SIGNAL - Allows a specific signal to be set to its default handler rather then ignoring the signal
[2026.03.27-03.44.05:011][  0]LogInit:  -crashhandlerstacksize - Allows setting crash handler stack sizes (204800)
[2026.03.27-03.44.05:011][  0]LogInit:  -noexclusivelockonwrite - disables marking files created by the engine as exclusive locked while the engine has them opened
[2026.03.27-03.44.05:011][  0]LogInit:  -httpproxy=ADDRESS:PORT - redirects HTTP requests to a proxy (only supported if compiled with libcurl)
[2026.03.27-03.44.05:011][  0]LogInit:  -reuseconn - allow libcurl to reuse HTTP connections (only matters if compiled with libcurl)
[2026.03.27-03.44.05:011][  0]LogInit:  -virtmemkb=NUMBER - sets process virtual memory (address space) limit (overrides VirtualMemoryLimitInKB value from .ini)
[2026.03.27-03.44.05:011][  0]LogInit:  -allowsyscallfilterfile=PATH_TO_FILE - sets up a system call filter allow list. any invalid syscall in this list *will* cause a crash
[2026.03.27-03.44.05:011][  0]LogInit:  - Physical RAM available (not considering process quota): 63 GB (63571 MB, 65097300 KB, 66659635200 bytes)
[2026.03.27-03.44.05:011][  0]LogInit:  - VirtualMemoryAllocator pools will grow at scale 1
[2026.03.27-03.44.05:011][  0]LogInit:  - MemoryRangeDecommit() will be a no-op (re-run with -vmapoolevict to change)
[2026.03.27-03.44.05:011][  0]LogInit:  - PageSize 4096
[2026.03.27-03.44.05:011][  0]LogInit:  - BinnedPageSize 65536
[2026.03.27-03.44.05:013][  0]LogUObjectArray: 475 objects as part of root set at end of initial load.
[2026.03.27-03.44.05:013][  0]LogUObjectArray: 0 objects are not in the root set, but can never be destroyed because they are in the DisregardForGC set.
[2026.03.27-03.44.05:013][  0]LogUObjectAllocator: 80424 out of 0 bytes used by permanent object pool.
[2026.03.27-03.44.05:013][  0]LogUObjectArray: CloseDisregardForGC: 475/475 objects in disregard for GC pool
[2026.03.27-03.44.05:013][  0]LogInit: Using OS detected language (en-US).
[2026.03.27-03.44.05:013][  0]LogInit: Using OS detected locale (en-US).
[2026.03.27-03.44.05:013][  0]LogTextLocalizationManager: No specific localization for 'en-US' exists, so 'en' will be used for the language.
[2026.03.27-03.44.05:025][  0]LogInit: Using OS detected language (en-US).
[2026.03.27-03.44.05:025][  0]LogInit: Using OS detected locale (en-US).
[2026.03.27-03.44.05:025][  0]LogTextLocalizationManager: No localization for 'en-US' exists, so 'en' will be used for the language.
[2026.03.27-03.44.05:025][  0]LogTextLocalizationManager: No localization for 'en-US' exists, so 'en' will be used for the locale.
[2026.03.27-03.44.05:025][  0]LogPackageLocalizationCache: Processed 2 localized package path(s) for 1 prioritized culture(s) in 0.000024 seconds
[2026.03.27-03.44.05:025][  0]CrashReportCoreLog: Display: Applying project settings from '/home/grantdw/UnrealEngine/Projects/Marketplace-Platformer/Saved/Crashes/crashinfo-MarketPlatformer-pid-39695-BE46391EC9BC4F0799291686D244C82A/CrashReportClient.ini'.
[2026.03.27-03.44.05:025][  0]CrashReportCoreLog: CrashReportClientVersion=1.0
[2026.03.27-03.44.05:025][  0]CrashReportCoreLog: CrashReportReceiver disabled
[2026.03.27-03.44.05:025][  0]CrashReportCoreLog: DataRouter disabled
[2026.03.27-03.44.05:025][  0]LogInit: Initializing SDL.
[2026.03.27-03.44.05:062][  0]LogInit: Initialized SDL 2.24.0 revision:  (compiled against 2.24.0)
[2026.03.27-03.44.05:062][  0]LogInit: Using SDL video driver 'x11'
[2026.03.27-03.44.05:067][  0]LogSlate: New Slate User Created. Platform User Id 0, User Index 0, Is Virtual User: 0
[2026.03.27-03.44.05:067][  0]LogSlate: Slate User Registered.  User Index 0, Is Virtual User: 0
[2026.03.27-03.44.05:067][  0]LogSlate: Using FreeType 2.10.0
[2026.03.27-03.44.05:067][  0]LogSlate: SlateFontServices - WITH_FREETYPE: 1, WITH_HARFBUZZ: 1
[2026.03.27-03.44.05:067][  0]LogInit: Using SDL_WINDOW_OPENGL
[2026.03.27-03.44.05:104][  0]LogInit: FSlateOpenGLContext::Initialize - creating OpenGL 2.1 context
[2026.03.27-03.44.05:113][  0]LogStreaming: Warning: Failed to read file '../../../Engine/Platforms/VisionOS/Content/Editor/Slate/Launcher/Platform_VisionOS_24x.png' error.
[2026.03.27-03.44.05:113][  0]LogSlateOpenGL: Could not find file for Slate texture: [../../../Engine/Platforms/VisionOS/Content/Editor/Slate/Launcher/Platform_VisionOS_24x.png] '../../../Engine/Platforms/VisionOS/Content/Editor/Slate/Launcher/Platform_VisionOS_24x.png'
[2026.03.27-03.44.05:113][  0]LogStreaming: Warning: Failed to read file '../../../Engine/Platforms/VisionOS/Content/Editor/Slate/Launcher/Platform_VisionOS_128x.png' error.
[2026.03.27-03.44.05:113][  0]LogSlateOpenGL: Could not find file for Slate texture: [../../../Engine/Platforms/VisionOS/Content/Editor/Slate/Launcher/Platform_VisionOS_128x.png] '../../../Engine/Platforms/VisionOS/Content/Editor/Slate/Launcher/Platform_VisionOS_128x.png'
[2026.03.27-03.44.05:113][  0]LogStreaming: Warning: Failed to read file '../../../Engine/Platforms/VisionOS/Content/Editor/Slate/Launcher/Platform_VisionOS_128x.png' error.
[2026.03.27-03.44.05:113][  0]LogSlateOpenGL: Could not find file for Slate texture: [../../../Engine/Platforms/VisionOS/Content/Editor/Slate/Launcher/Platform_VisionOS_128x.png] '../../../Engine/Platforms/VisionOS/Content/Editor/Slate/Launcher/Platform_VisionOS_128x.png'
[2026.03.27-03.44.05:127][  0]CrashReportCoreLog: Initial state = Unknown UploadState value
[2026.03.27-03.44.05:127][  0]CrashReportCoreLog: Initial state = Unknown UploadState value
[2026.03.27-03.44.05:140][  0]LogInit: FSlateOpenGLContext::Initialize - creating OpenGL 2.1 context
[2026.03.27-03.44.05:142][  0]LogSlate: Took 0.000033 seconds to synchronously load lazily loaded font '../../../Engine/Content/Slate/Fonts/Roboto-Regular.ttf' (155K)
[2026.03.27-03.44.05:142][  0]LogSlate: Took 0.000025 seconds to synchronously load lazily loaded font '../../../Engine/Content/Slate/Fonts/Roboto-Bold.ttf' (160K)
[2026.03.27-03.44.05:143][  0]LogSlate: Took 0.000026 seconds to synchronously load lazily loaded font '../../../Engine/Content/Slate/Fonts/Roboto-Italic.ttf' (157K)
[2026.03.27-03.44.12:164][  0]LogSlate: Request Window 'MarketPlatformer Crash Reporter' being destroyed
[2026.03.27-03.44.12:164][  0]LogSlate: Window 'MarketPlatformer Crash Reporter' being destroyed
[2026.03.27-03.44.12:165][  0]LogCore: Engine exit requested (reason: OnRequestExit)
[2026.03.27-03.44.12:166][  0]CrashReportCoreLog: Final state (Receiver) = Unknown UploadState value
[2026.03.27-03.44.12:166][  0]CrashReportCoreLog: Final state (Receiver) = Unknown UploadState value
[2026.03.27-03.44.12:167][  0]LogSlate: Slate User Destroyed.  User Index 0, Is Virtual User: 0
[2026.03.27-03.44.12:167][  0]LogCore: Engine exit requested (reason: CrashReportClientApp RequestExit; note: exit was already requested)
[2026.03.27-03.44.12:167][  0]LogExit: Preparing to exit.
[2026.03.27-03.44.12:198][  0]LogExit: Object subsystem successfully closed.
[2026.03.27-03.44.12:198][  0]LogPakFile: Destroying PakPlatformFile
[2026.03.27-03.44.12:199][  0]LogExit: Exiting.
[2026.03.27-03.44.12:199][  0]LogInit: Tearing down SDL.
[2026.03.27-03.44.12:207][  0]Log file closed, 03/26/26 23:44:12
